
> academic-portfolio@0.1.0 build
> next build

wsl : 
위치 줄:1 문자:1
+ wsl npm run build > 
build_error.log 2>&1
+ ~~~~~~~~~~~~~~~~~~~~
~~~~~~~~~~~~~~~~~~~~
    + CategoryInfo    
          : NotSpeci  
  fied: (:String) [   
 ], RemoteExceptio    
n
    + FullyQualifiedE 
   rrorId : NativeCo  
  mmandError
 
> Build error occurred
Error: Configuring Nex
t.js via 'next.config.
ts' is not supported. 
Please replace the fil
e with 'next.config.js
' or 'next.config.mjs'
.
    at loadConfig (/mn
t/e/workspace/my/acade
mic-portfolio/node_mod
ules/next/dist/server/
config.js:800:19)
    at async Span.trac
eAsyncFn (/mnt/e/works
pace/my/academic-portf
olio/node_modules/next
/dist/trace/trace.js:1
54:20)
    at async /mnt/e/wo
rkspace/my/academic-po
rtfolio/node_modules/n
ext/dist/build/index.j
s:374:28
    at async Span.trac
eAsyncFn (/mnt/e/works
pace/my/academic-portf
olio/node_modules/next
/dist/trace/trace.js:1
54:20)
    at async build (/m
nt/e/workspace/my/acad
emic-portfolio/node_mo
dules/next/dist/build/
index.js:368:9)
